// Jest Snapshot v1, https://goo.gl/fbAQLP

exports[`ListWithTitle should render correctly 1`] = `
<Fragment>
  <WithStyles(ForwardRef(Typography))
    component="h5"
    variant="h5"
  >
    Example list
    :
  </WithStyles(ForwardRef(Typography))>
  <WithStyles(ForwardRef(List))>
    <div>
      1
    </div>
    <div>
      2
    </div>
    <div>
      3
    </div>
  </WithStyles(ForwardRef(List))>
</Fragment>
`;
