// Jest Snapshot v1, https://goo.gl/fbAQLP

exports[`CountryCommonInfo should render correctly 1`] = `
<WithStyles(ForwardRef(Grid))
  container={true}
  spacing={3}
>
  <WithStyles(ForwardRef(Grid))
    item={true}
    md={12}
    xs={12}
  >
    <WithStyles(ForwardRef(Typography))
      component="h3"
      variant="h3"
    >
      Botswana
    </WithStyles(ForwardRef(Typography))>
  </WithStyles(ForwardRef(Grid))>
  <WithStyles(ForwardRef(Grid))
    item={true}
    md={6}
    xs={12}
  >
    <Flag
      name="Botswana"
      value="https://restcountries.eu/data/bwa.svg"
    />
  </WithStyles(ForwardRef(Grid))>
  <WithStyles(ForwardRef(Grid))
    item={true}
    md={6}
    xs={12}
  >
    <div>
      <WithStyles(ForwardRef(Typography))
        className="title"
        color="textPrimary"
        component="span"
        variant="subtitle1"
      >
        Top level domain:
      </WithStyles(ForwardRef(Typography))>
      <WithStyles(ForwardRef(Typography))
        component="span"
        variant="subtitle2"
      >
        .bw
      </WithStyles(ForwardRef(Typography))>
    </div>
    <div>
      <WithStyles(ForwardRef(Typography))
        className="title"
        color="textPrimary"
        component="span"
        variant="subtitle1"
      >
        Coordinates:
      </WithStyles(ForwardRef(Typography))>
      <WithStyles(ForwardRef(Typography))
        component="span"
        variant="subtitle2"
      >
        -22
        , 
        24
      </WithStyles(ForwardRef(Typography))>
    </div>
    <div
      key="ISO 3166-1 alpha-2"
    >
      <WithStyles(ForwardRef(Typography))
        className="title"
        component="span"
        variant="subtitle1"
      >
        ISO 3166-1 alpha-2
        :
      </WithStyles(ForwardRef(Typography))>
      <WithStyles(ForwardRef(Typography))
        component="span"
        variant="subtitle2"
      >
        BW
      </WithStyles(ForwardRef(Typography))>
    </div>
    <div
      key="ISO 3166-1 alpha-3"
    >
      <WithStyles(ForwardRef(Typography))
        className="title"
        component="span"
        variant="subtitle1"
      >
        ISO 3166-1 alpha-3
        :
      </WithStyles(ForwardRef(Typography))>
      <WithStyles(ForwardRef(Typography))
        component="span"
        variant="subtitle2"
      >
        BWA
      </WithStyles(ForwardRef(Typography))>
    </div>
    <div
      key="Capital"
    >
      <WithStyles(ForwardRef(Typography))
        className="title"
        component="span"
        variant="subtitle1"
      >
        Capital
        :
      </WithStyles(ForwardRef(Typography))>
      <WithStyles(ForwardRef(Typography))
        component="span"
        variant="subtitle2"
      >
        Gaborone
      </WithStyles(ForwardRef(Typography))>
    </div>
    <div
      key="Region"
    >
      <WithStyles(ForwardRef(Typography))
        className="title"
        component="span"
        variant="subtitle1"
      >
        Region
        :
      </WithStyles(ForwardRef(Typography))>
      <WithStyles(ForwardRef(Typography))
        component="span"
        variant="subtitle2"
      >
        Africa
      </WithStyles(ForwardRef(Typography))>
    </div>
    <div
      key="Subregion"
    >
      <WithStyles(ForwardRef(Typography))
        className="title"
        component="span"
        variant="subtitle1"
      >
        Subregion
        :
      </WithStyles(ForwardRef(Typography))>
      <WithStyles(ForwardRef(Typography))
        component="span"
        variant="subtitle2"
      >
        Southern Africa
      </WithStyles(ForwardRef(Typography))>
    </div>
    <div
      key="Population"
    >
      <WithStyles(ForwardRef(Typography))
        className="title"
        component="span"
        variant="subtitle1"
      >
        Population
        :
      </WithStyles(ForwardRef(Typography))>
      <WithStyles(ForwardRef(Typography))
        component="span"
        variant="subtitle2"
      >
        2141206
      </WithStyles(ForwardRef(Typography))>
    </div>
    <div
      key="Demonym"
    >
      <WithStyles(ForwardRef(Typography))
        className="title"
        component="span"
        variant="subtitle1"
      >
        Demonym
        :
      </WithStyles(ForwardRef(Typography))>
      <WithStyles(ForwardRef(Typography))
        component="span"
        variant="subtitle2"
      >
        Motswana
      </WithStyles(ForwardRef(Typography))>
    </div>
    <div
      key="Native name"
    >
      <WithStyles(ForwardRef(Typography))
        className="title"
        component="span"
        variant="subtitle1"
      >
        Native name
        :
      </WithStyles(ForwardRef(Typography))>
      <WithStyles(ForwardRef(Typography))
        component="span"
        variant="subtitle2"
      >
        Botswana
      </WithStyles(ForwardRef(Typography))>
    </div>
    <div
      key="Numeric code"
    >
      <WithStyles(ForwardRef(Typography))
        className="title"
        component="span"
        variant="subtitle1"
      >
        Numeric code
        :
      </WithStyles(ForwardRef(Typography))>
      <WithStyles(ForwardRef(Typography))
        component="span"
        variant="subtitle2"
      >
        072
      </WithStyles(ForwardRef(Typography))>
    </div>
    <div
      key="Area"
    >
      <WithStyles(ForwardRef(Typography))
        className="title"
        component="span"
        variant="subtitle1"
      >
        Area
        :
      </WithStyles(ForwardRef(Typography))>
      <WithStyles(ForwardRef(Typography))
        component="span"
        variant="subtitle2"
      >
        582000
      </WithStyles(ForwardRef(Typography))>
    </div>
    <div
      key="Gini coefficient"
    >
      <WithStyles(ForwardRef(Typography))
        className="title"
        component="span"
        variant="subtitle1"
      >
        Gini coefficient
        :
      </WithStyles(ForwardRef(Typography))>
      <WithStyles(ForwardRef(Typography))
        component="span"
        variant="subtitle2"
      >
        61
      </WithStyles(ForwardRef(Typography))>
    </div>
    <div
      key="Cioc"
    >
      <WithStyles(ForwardRef(Typography))
        className="title"
        component="span"
        variant="subtitle1"
      >
        Cioc
        :
      </WithStyles(ForwardRef(Typography))>
      <WithStyles(ForwardRef(Typography))
        component="span"
        variant="subtitle2"
      >
        BOT
      </WithStyles(ForwardRef(Typography))>
    </div>
  </WithStyles(ForwardRef(Grid))>
</WithStyles(ForwardRef(Grid))>
`;
